[www.chanellemoreau.com/index.html]
[backblue.gif]
[fade.gif]
[index.html]
[images.squarespace-cdn.com/content/5eca3242a9658a4c958be75e/1591261623259-Y3JI5EKA7RIWBHW7M6X2/logo-hands4web5d45.png]
[use.typekit.net/ik/r0-_vQ1HgvUsNGljLKGyENu0sXG0beoG7f6m9YxneYjfe7MIfFHN4UJLFRbh52jhWDm8jhIDwRbkjQqhFQyyFewoFQyKZQSuZs7wMkG0jAFu-WsoShFGZAsude80ZkoRdhXCHKoyjamTiY8Djhy8ZYmC-Ao1Oco8if37OcB]
[assets.squarespace.com/universal/scripts-compressed/performance-15bbb6cc6cb0d371694a8-min.en-US.js]
[static1.squarespace.com/static/sitecss/5eca3242a9658a4c958be75e/28/5c5a519771c10ba3470d8101/5eca3243a9658a4c958be778/901-05142015/1591262137281/site8696.css]
[www.chanellemoreau.com/cart.html]
[www.chanellemoreau.com/recent-work.html]
[www.chanellemoreau.com/film-diaries-ii.html]
[www.chanellemoreau.com/film-diaries-i.html]
[assets.squarespace.com/universal/scripts-compressed/common-0a7649bcc3d1bdb0e9f82-min.en-US.js]
[www.chanellemoreau.com/2020.html]
[www.chanellemoreau.com/older-work.html]
[www.chanellemoreau.com/2019.html]
[www.chanellemoreau.com/film.html]
[www.chanellemoreau.com/about.html]
[www.chanellemoreau.com/index.html]
[assets.squarespace.com/universal/images-v6/damask/error-dark.png]
[assets.squarespace.com/universal/images-v6/damask/error-dark@2x.png]
[assets.squarespace.com/universal/images-v6/damask/play-button.png]
[assets.squarespace.com/universal/images-v6/damask/play-button@2x.png]
[assets.squarespace.com/universal/images-v6/damask/edit-aviary-light.png]
[static1.squarespace.com/static/sitecss/5eca3242a9658a4c958be75e/28/5c5a519771c10ba3470d8101/5eca3243a9658a4c958be778/901-05142015/1591262137281/gallery-play-big.css]
[assets.squarespace.com/universal/images-v6/damask/edit-aviary-light@2x.png]
[static1.squarespace.com/static/sitecss/5eca3242a9658a4c958be75e/28/5c5a519771c10ba3470d8101/5eca3243a9658a4c958be778/901-05142015/1591262137281/gallery-play-big@2x.css]
[assets.squarespace.com/universal/images-v6/damask/edit-info-light.png]
[assets.squarespace.com/universal/images-v6/damask/edit-info-light@2x.png]
[assets.squarespace.com/universal/images-v6/damask/trash-9-light.png]
[assets.squarespace.com/universal/images-v6/damask/trash-9-light@2x.png]
[static1.squarespace.com/static/ta/5c5a514d65019f01a2cb2be5/901/scripts/site-bundle.js]
[assets.squarespace.com/universal/images-v6/damask/trash-9-red.png]
[assets.squarespace.com/universal/images-v6/damask/trash-9-red@2x.png]
[assets.squarespace.com/universal/images-v6/damask/getty-16-light.png]
[assets.squarespace.com/universal/images-v6/damask/getty-32-light.png]
[assets.squarespace.com/universal/images-v6/damask/shopping-cart-16-light.png]
[assets.squarespace.com/universal/images-v6/damask/shopping-cart-32-light.png]
[static1.squarespace.com/universal/images-v6/icons/block-indicator-dark.png]
[static1.squarespace.com/universal/images-v6/icons/block-indicator-dark@2x.png]
[static1.squarespace.com/universal/images-v6/icons/opentable-icons.png]
[static1.squarespace.com/universal/images-v6/icons/icon-searchqueries-20-dark.png]
[static1.squarespace.com/universal/images-v6/icons/icon-searchqueries-20-light.png]
[assets.squarespace.com/universal/images-v6/icons/icon-video-24-light-solid.png]
[assets.squarespace.com/universal/images-v6/standard/icon_close_7_light.png]
[assets.squarespace.com/universal/images-v6/icons/icon-settings-16-light.png]
[static1.squarespace.com/static/sitecss/5eca3242a9658a4c958be75e/28/5c5a519771c10ba3470d8101/5eca3243a9658a4c958be778/901-05142015/1591262137281/site8696.css]
[www.chanellemoreau.com/cart.html]
[www.chanellemoreau.com/recent-work/diansa.html]
[www.chanellemoreau.com/recent-work/brielle.html]
[www.chanellemoreau.com/recent-work/estelle.html]
[www.chanellemoreau.com/recent-work/ozma-of-california-spring-editorial.html]
[www.chanellemoreau.com/recent-work/beauty-queen.html]
[www.chanellemoreau.com/recent-work/brielle-for-loveme-jewelry.html]
[www.chanellemoreau.com/recent-work.html]
[www.chanellemoreau.com/recent-work/kseniya.html]
[www.chanellemoreau.com/film-diaries-iid7a7.html]
[assets.squarespace.com/universal/scripts-compressed/commerce-cart-bf2bea260c7a5a5979c6f-min.en-US.js]
[www.chanellemoreau.com/film-diaries-ii312f.html]
[www.chanellemoreau.com/film-diaries-ii1b6c.html]
[www.chanellemoreau.com/film-diaries-iibaed.html]
[www.chanellemoreau.com/film-diaries-ii136a.html]
[www.chanellemoreau.com/film-diaries-ii5287.html]
[www.chanellemoreau.com/film-diaries-ii5a37.html]
[www.chanellemoreau.com/film-diaries-iice39.html]
[assets.squarespace.com/universal/scripts-compressed/commerce-checkout-65bd82aaa519ca823c8ef-min.en-US.js]
[www.chanellemoreau.com/film-diaries-ii1d8c.html]
[www.chanellemoreau.com/film-diaries-iif736.html]
[www.chanellemoreau.com/film-diaries-ii6af0.html]
[www.chanellemoreau.com/film-diaries-ii829f.html]
[www.chanellemoreau.com/film-diaries-iifa11.html]
[www.chanellemoreau.com/film-diaries-ii774d.html]
[www.chanellemoreau.com/film-diaries-ii41c3.html]
[www.chanellemoreau.com/film-diaries-iid7a3.html]
[www.chanellemoreau.com/film-diaries-ii1657.html]
[www.chanellemoreau.com/film-diaries-ii63b4.html]
[www.chanellemoreau.com/film-diaries-ii9e65.html]
[www.chanellemoreau.com/film-diaries-iib04d.html]
[www.chanellemoreau.com/film-diaries-ii.html]
[www.chanellemoreau.com/film-diaries-ii6968.html]
[www.chanellemoreau.com/film-diaries-i3630.html]
[www.chanellemoreau.com/film-diaries-if903.html]
[www.chanellemoreau.com/film-diaries-ib05d.html]
[www.chanellemoreau.com/film-diaries-i3a77.html]
[www.chanellemoreau.com/film-diaries-i379e.html]
[www.chanellemoreau.com/film-diaries-i9811.html]
[www.chanellemoreau.com/film-diaries-if645.html]
[www.chanellemoreau.com/film-diaries-i60c2.html]
[www.chanellemoreau.com/film-diaries-i35f5.html]
[www.chanellemoreau.com/film-diaries-icbd7.html]
[www.chanellemoreau.com/film-diaries-i0856.html]
[www.chanellemoreau.com/film-diaries-i64a4.html]
[www.chanellemoreau.com/film-diaries-i78e4.html]
[www.chanellemoreau.com/film-diaries-i6153.html]
[www.chanellemoreau.com/film-diaries-ie570.html]
[www.chanellemoreau.com/film-diaries-i5a11.html]
[www.chanellemoreau.com/film-diaries-ib078.html]
[www.chanellemoreau.com/film-diaries-iac99.html]
[www.chanellemoreau.com/film-diaries-ic342.html]
[www.chanellemoreau.com/film-diaries-ieff8.html]
[www.chanellemoreau.com/film-diaries-i0080.html]
[www.chanellemoreau.com/film-diaries-i8b60.html]
[www.chanellemoreau.com/film-diaries-i55c7.html]
[www.chanellemoreau.com/film-diaries-i159a.html]
[www.chanellemoreau.com/film-diaries-i97ab.html]
[www.chanellemoreau.com/film-diaries-i64cb.html]
[www.chanellemoreau.com/film-diaries-i1c60.html]
[www.chanellemoreau.com/film-diaries-i23dc.html]
[www.chanellemoreau.com/film-diaries-i0363.html]
[www.chanellemoreau.com/film-diaries-i2bcb.html]
[www.chanellemoreau.com/film-diaries-ie33d.html]
[www.chanellemoreau.com/film-diaries-i2b36.html]
[www.chanellemoreau.com/film-diaries-ieaad.html]
[www.chanellemoreau.com/film-diaries-i2d53.html]
[www.chanellemoreau.com/film-diaries-i2477.html]
[www.chanellemoreau.com/film-diaries-i8fb9.html]
[www.chanellemoreau.com/film-diaries-i2551.html]
[www.chanellemoreau.com/film-diaries-i776c.html]
[www.chanellemoreau.com/film-diaries-ia9a6.html]
[www.chanellemoreau.com/film-diaries-i09de.html]
[www.chanellemoreau.com/film-diaries-i418a.html]
[www.chanellemoreau.com/film-diaries-ief43.html]
[www.chanellemoreau.com/film-diaries-id011.html]
[www.chanellemoreau.com/film-diaries-i610a.html]
[www.chanellemoreau.com/film-diaries-i8a0d.html]
[www.chanellemoreau.com/film-diaries-i7453.html]
[www.chanellemoreau.com/film-diaries-i10c0.html]
[www.chanellemoreau.com/film-diaries-ia40d.html]
[www.chanellemoreau.com/film-diaries-i35b2.html]
[www.chanellemoreau.com/film-diaries-ib78f.html]
[www.chanellemoreau.com/film-diaries-i40cf.html]
[www.chanellemoreau.com/film-diaries-ia451.html]
[www.chanellemoreau.com/film-diaries-icc28.html]
[www.chanellemoreau.com/film-diaries-ica85.html]
[www.chanellemoreau.com/film-diaries-ic3d8.html]
[www.chanellemoreau.com/film-diaries-ie766.html]
[www.chanellemoreau.com/film-diaries-i0794.html]
[www.chanellemoreau.com/film-diaries-i3385.html]
[www.chanellemoreau.com/film-diaries-idad1.html]
[www.chanellemoreau.com/film-diaries-ie8ff.html]
[www.chanellemoreau.com/film-diaries-i65af.html]
[www.chanellemoreau.com/film-diaries-i706c.html]
[www.chanellemoreau.com/film-diaries-ia323.html]
[www.chanellemoreau.com/film-diaries-i8c39.html]
[www.chanellemoreau.com/film-diaries-i99f6.html]
[www.chanellemoreau.com/film-diaries-i480f.html]
[www.chanellemoreau.com/film-diaries-i3391.html]
[www.chanellemoreau.com/film-diaries-i42fe.html]
[www.chanellemoreau.com/film-diaries-i726e.html]
[www.chanellemoreau.com/film-diaries-i31d9.html]
[www.chanellemoreau.com/film-diaries-ifb1a.html]
[www.chanellemoreau.com/film-diaries-ib424.html]
[www.chanellemoreau.com/film-diaries-i288c.html]
[www.chanellemoreau.com/film-diaries-iee0c.html]
[www.chanellemoreau.com/film-diaries-i9646.html]
[www.chanellemoreau.com/film-diaries-i95d5.html]
[www.chanellemoreau.com/film-diaries-ib32b.html]
[www.chanellemoreau.com/film-diaries-i87f8.html]
[www.chanellemoreau.com/film-diaries-i56fd.html]
[www.chanellemoreau.com/film-diaries-ic0fe.html]
[www.chanellemoreau.com/film-diaries-ia429.html]
[www.chanellemoreau.com/film-diaries-i2947.html]
[www.chanellemoreau.com/film-diaries-i1705.html]
[www.chanellemoreau.com/film-diaries-i3f6c.html]
[www.chanellemoreau.com/film-diaries-i94cb.html]
[www.chanellemoreau.com/film-diaries-ib578.html]
[www.chanellemoreau.com/film-diaries-ifdfd.html]
[www.chanellemoreau.com/film-diaries-ic992.html]
[www.chanellemoreau.com/film-diaries-icdac.html]
[www.chanellemoreau.com/film-diaries-ia124.html]
[www.chanellemoreau.com/film-diaries-i5f22.html]
[www.chanellemoreau.com/film-diaries-i0f3b.html]
[www.chanellemoreau.com/film-diaries-i21ae.html]
[www.chanellemoreau.com/film-diaries-i46da.html]
[www.chanellemoreau.com/film-diaries-i1972.html]
[www.chanellemoreau.com/film-diaries-if0ef.html]
[www.chanellemoreau.com/film-diaries-i5dd9.html]
[www.chanellemoreau.com/film-diaries-i359a.html]
[www.chanellemoreau.com/film-diaries-i6059.html]
[www.chanellemoreau.com/film-diaries-icdc7.html]
[www.chanellemoreau.com/film-diaries-icd52.html]
[www.chanellemoreau.com/film-diaries-id00e.html]
[www.chanellemoreau.com/film-diaries-i678f.html]
[www.chanellemoreau.com/film-diaries-i0a19.html]
[www.chanellemoreau.com/film-diaries-iae17.html]
[www.chanellemoreau.com/film-diaries-i8a0f.html]
[www.chanellemoreau.com/film-diaries-i5a5b.html]
[www.chanellemoreau.com/film-diaries-iae4f.html]
[www.chanellemoreau.com/film-diaries-ib951.html]
[www.chanellemoreau.com/film-diaries-i06b1.html]
[www.chanellemoreau.com/film-diaries-ida3b.html]
[www.chanellemoreau.com/film-diaries-i1c1f.html]
[www.chanellemoreau.com/film-diaries-id840.html]
[www.chanellemoreau.com/film-diaries-i8adc.html]
[www.chanellemoreau.com/film-diaries-i4b00.html]
[www.chanellemoreau.com/film-diaries-iaa58.html]
[www.chanellemoreau.com/film-diaries-ia0ef.html]
[www.chanellemoreau.com/film-diaries-ifb6c.html]
[www.chanellemoreau.com/film-diaries-i00d0.html]
[www.chanellemoreau.com/film-diaries-i.html]
[www.chanellemoreau.com/film-diaries-i818f.html]
[images.squarespace-cdn.com/content/v1/5eca3242a9658a4c958be75e/1591255863005-T7AHF00865UBNGE91DZ4/ke17ZwdGBToddI8pDm48kG9hQFEl88UR8mBUSCfRlOF7gQa/sketch-web.jpg]
[www.chanellemoreau.com/2020.html]
[images.squarespace-cdn.com/content/v1/5eca3242a9658a4c958be75e/1591254916794-6ELTM4NEVDRBLKTSZHH9/ke17ZwdGBToddI8pDm48kPXmOoWqCEgvf9AOA2BzP1N7gQa/IThinkWereLost-ScanCropWEB.jpg]
[images.squarespace-cdn.com/content/v1/5eca3242a9658a4c958be75e/1591255029006-PEDPD8CPGWKUV9DMWHSF/ke17ZwdGBToddI8pDm48kGW_eYMfkcNdvIuTy8foAf97gQa/Charcoal-004.jpg]
[images.squarespace-cdn.com/content/v1/5eca3242a9658a4c958be75e/1591255059851-XFSS39JRVPK9ZPDF0P75/ke17ZwdGBToddI8pDm48kGW_eYMfkcNdvIuTy8foAf97gQa/Charcoal-001.jpg]
[images.squarespace-cdn.com/content/v1/5eca3242a9658a4c958be75e/1591254936128-V0MEHAU1FNANR5Q8UYPE/ke17ZwdGBToddI8pDm48kDuRg15wH-_jz5GVvSlOsSIUqsx/image-asset.jpg]
[images.squarespace-cdn.com/content/v1/5eca3242a9658a4c958be75e/1591255042221-BHZVEN8P9D6AEOIN1XO4/ke17ZwdGBToddI8pDm48kGW_eYMfkcNdvIuTy8foAf97gQa/Charcoal-003.jpg]
[images.squarespace-cdn.com/content/v1/5eca3242a9658a4c958be75e/1591255092294-Z2UERVPDAJ07L9K38SKW/ke17ZwdGBToddI8pDm48kAeLlWgU2jnk7vfwOIgiYNR7gQa/SKETCH-002_editWEB.jpg]
[images.squarespace-cdn.com/content/v1/5eca3242a9658a4c958be75e/1591254188918-6OOO35X0IYNH89C2W9OC/ke17ZwdGBToddI8pDm48kE6RFQL_9BbosEoxK3SXBdYUqsx/Experiment-010web.jpg]
[images.squarespace-cdn.com/content/v1/5eca3242a9658a4c958be75e/1591254101513-32G38O4JE9UD3EF3MHQV/ke17ZwdGBToddI8pDm48kE6RFQL_9BbosEoxK3SXBdYUqsx/Experiment-006web.jpg]
[images.squarespace-cdn.com/content/v1/5eca3242a9658a4c958be75e/1591254155242-9O6E3V8XEGS6DW7C8Q7E/ke17ZwdGBToddI8pDm48kE6RFQL_9BbosEoxK3SXBdYUqsx/Experiment-008webjpeg.jpg]
[images.squarespace-cdn.com/content/v1/5eca3242a9658a4c958be75e/1591254169092-VIORQ22QG0TTDULSTBBR/ke17ZwdGBToddI8pDm48kE6RFQL_9BbosEoxK3SXBdYUqsx/Experiment-009web.jpg]
[images.squarespace-cdn.com/content/v1/5eca3242a9658a4c958be75e/1591254292385-OD3ZC931M9Z6I18P6L7W/ke17ZwdGBToddI8pDm48kE6RFQL_9BbosEoxK3SXBdYUqsx/Experiment-011+copy.jpg]
[images.squarespace-cdn.com/content/v1/5eca3242a9658a4c958be75e/1591254121649-BX1H63SV088XOR42SK0E/ke17ZwdGBToddI8pDm48kE6RFQL_9BbosEoxK3SXBdYUqsx/Experiment-007web.jpg]
[images.squarespace-cdn.com/content/v1/5eca3242a9658a4c958be75e/1591254809814-HYUCBUXF5MMFGBFM0AGA/ke17ZwdGBToddI8pDm48kIg5LxoIrTz4d5nX-VSkPDUUqsx/Scan-2WEB.jpg]
[images.squarespace-cdn.com/content/v1/5eca3242a9658a4c958be75e/1591254432802-RCHGKJ4M5940B1CWCW9F/ke17ZwdGBToddI8pDm48kCCyyxJnaHvfTP_-8ERS2sAUqsx/lagrandemarche-web.jpg]
[images.squarespace-cdn.com/content/v1/5eca3242a9658a4c958be75e/1591254382535-C8EZNMJ45F36HFWULBFW/ke17ZwdGBToddI8pDm48kJ-V9UgVO1IFG1LHPTq_DbUUqsx/Experiment-041web.jpg]
[images.squarespace-cdn.com/content/v1/5eca3242a9658a4c958be75e/1591254493806-5803W3RHRZ05Q1KMBMIX/ke17ZwdGBToddI8pDm48kJ-V9UgVO1IFG1LHPTq_DbUUqsx/Experiment-044web.jpg]
[images.squarespace-cdn.com/content/v1/5eca3242a9658a4c958be75e/1591255170132-FWANVLYJFC48581D9AGR/ke17ZwdGBToddI8pDm48kMCvN6CBW9O4LzEEWVaXObgUqsx/image-asset.jpg]
[images.squarespace-cdn.com/content/v1/5eca3242a9658a4c958be75e/1591254450381-KEIIOOF3CPM43Q76CWWS/ke17ZwdGBToddI8pDm48kCD1Lzn86G6JAuU0jc3D0uQUqsx/tenderness-web.jpg]
[images.squarespace-cdn.com/content/v1/5eca3242a9658a4c958be75e/1591254401834-JGY1EEUS21KX39GO7JV2/ke17ZwdGBToddI8pDm48kJ-V9UgVO1IFG1LHPTq_DbUUqsx/Experiment-043web.jpg]
[images.squarespace-cdn.com/content/v1/5eca3242a9658a4c958be75e/1591254479481-MAUI3U9EQAP1FRM5XQPG/ke17ZwdGBToddI8pDm48kHanvmmaEyd2LQa6qrJn_t97gQa/image-asset.jpg]
[images.squarespace-cdn.com/content/v1/5eca3242a9658a4c958be75e/1591255154065-M23XKPYSZP6TXM2QBC6P/ke17ZwdGBToddI8pDm48kH5qBV2sj6WpvjI7T_PtoQ4Uqsx/Sketch-AppleWEB.jpg]
[images.squarespace-cdn.com/content/v1/5eca3242a9658a4c958be75e/1591255259651-OVFUGPQT5YFJZSKJ0RXA/ke17ZwdGBToddI8pDm48kAdgwIhpvcLGBY3tqfPsiON7gQa/Sketch-Vase+copy.jpg]
[images.squarespace-cdn.com/content/v1/5eca3242a9658a4c958be75e/1591254608423-8GIBPC2HJY9Y9ZY11XUG/ke17ZwdGBToddI8pDm48kOQAsG6vVi-hMOrQw3mfaNAUqsx/rorshach-1web.jpg]
[images.squarespace-cdn.com/content/v1/5eca3242a9658a4c958be75e/1591254624015-IOM0WB2R38YDXAXU8QMF/ke17ZwdGBToddI8pDm48kNpXLdLvF81chq3FAljw-h4Uqsx/rorshach-3web.jpg]
[images.squarespace-cdn.com/content/v1/5eca3242a9658a4c958be75e/1591254640557-G2GRN0DQ0KDZ9HAXJPQX/ke17ZwdGBToddI8pDm48kN9zhXpdfoxGhcGwcBh4QdwUqsx/rorshach-5web.jpg]
[images.squarespace-cdn.com/content/v1/5eca3242a9658a4c958be75e/1591254658108-A61LFHD2765ATMGPRLVC/ke17ZwdGBToddI8pDm48kLX3v4FoOlACSDSclE3EBnYUqsx/image-asset.jpg]
[images.squarespace-cdn.com/content/v1/5eca3242a9658a4c958be75e/1591254674396-SKNZ4UDMFZKO1GBNX54X/ke17ZwdGBToddI8pDm48kLX3v4FoOlACSDSclE3EBnYUqsx/image-asset.jpg]
[www.chanellemoreau.com/2019.html]
[images.squarespace-cdn.com/content/v1/5eca3242a9658a4c958be75e/1591251937662-TD8LNBLLTVFJS6HZYWI2/ke17ZwdGBToddI8pDm48kGDpvalPb1SqHoCn1hwN0Y57gQa/FatalFlowerGarden-FINALWEB.jpg]
[images.squarespace-cdn.com/content/v1/5eca3242a9658a4c958be75e/1591252054177-WL13WIUWF8V8UOK7QZBR/ke17ZwdGBToddI8pDm48kGDpvalPb1SqHoCn1hwN0Y57gQa/Kingfisher-FinalWEB.jpg]
[images.squarespace-cdn.com/content/v1/5eca3242a9658a4c958be75e/1591252159071-L10J512O243Y8O0KX8IB/ke17ZwdGBToddI8pDm48kM3Uf6dmLLmPITe_Z7KVatR7gQa/Rhiannon_Full.jpg]
[images.squarespace-cdn.com/content/v1/5eca3242a9658a4c958be75e/1591251990425-GYWMAD1L6Y3OMFNGDTZV/ke17ZwdGBToddI8pDm48kGDpvalPb1SqHoCn1hwN0Y57gQa/MARIGOLD-FINALWEB.jpg]
[images.squarespace-cdn.com/content/v1/5eca3242a9658a4c958be75e/1591252108393-D2R9S1VXMQ86O0YUWOKU/ke17ZwdGBToddI8pDm48kPXyYVsjrEmbsAksmuZOpoR7gQa/SmokeFinal1WEB.jpg]
[images.squarespace-cdn.com/content/v1/5eca3242a9658a4c958be75e/1591252206680-VR7Q2V255U93ECGE565F/ke17ZwdGBToddI8pDm48kAW1MOiua593IF0jl33saPYUqsx/IMG_6497.jpg]
[www.chanellemoreau.com/older-work.html]
[www.chanellemoreau.com/_https_/player.vimeo.com/video/414217858.e713bc.delayed]
[www.chanellemoreau.com/_https_/player.vimeo.com/video/381544643.e913bc.delayed]
[www.chanellemoreau.com/_https_/player.vimeo.com/video/227157676.eb13bc.delayed]
[www.chanellemoreau.com/_https_/player.vimeo.com/video/381545696.ed13bc.delayed]
[www.chanellemoreau.com/_https_/player.vimeo.com/video/287518652.ef13bc.delayed]
[www.chanellemoreau.com/_https_/player.vimeo.com/video/287518834.f113bc.delayed]
[www.chanellemoreau.com/film.html]
[images.squarespace-cdn.com/content/v1/5eca3242a9658a4c958be75e/1590549714380-WFGFAVSQHFDQM7LZKU90/ke17ZwdGBToddI8pDm48kOyctPanBqSdf7WQMpY1FsRZw-z/acacia-icon.png]
[images.squarespace-cdn.com/content/v1/5eca3242a9658a4c958be75e/1591262208644-VUNNZ4D7NDP6CDZQT57B/ke17ZwdGBToddI8pDm48kOyctPanBqSdf7WQMpY1FsRZw-z/olympia-icon.png]
[images.squarespace-cdn.com/content/v1/5eca3242a9658a4c958be75e/1590549767984-L2MVDPS6TLBXTIDKRJJW/ke17ZwdGBToddI8pDm48kOyctPanBqSdf7WQMpY1FsRZw-z/ozma-icon.png]
[images.squarespace-cdn.com/content/v1/5eca3242a9658a4c958be75e/1590549781249-IOT1LERIVA57265V95BD/ke17ZwdGBToddI8pDm48kOyctPanBqSdf7WQMpY1FsRZw-z/haoma-icon2.png]
[images.squarespace-cdn.com/content/v1/5eca3242a9658a4c958be75e/1591013874579-J0LZK7QO0GEHYBRODTFD/ke17ZwdGBToddI8pDm48kEpVg-ILAPna1wRh-xAJ9fRZw-z/image-asset.jpg]
[images.squarespace-cdn.com/content/v1/5eca3242a9658a4c958be75e/1590995992853-N6XI5IND1S04Z6QRWAT6/ke17ZwdGBToddI8pDm48kF5Ujf4PBQPDZK_P3jxqnwdZw-z/image-asset.jpg]
[images.squarespace-cdn.com/content/v1/5eca3242a9658a4c958be75e/1590895596943-634AI2KA855QULU1QHH4/ke17ZwdGBToddI8pDm48kEpVg-ILAPna1wRh-xAJ9fRZw-z/image-asset.jpg]
[images.squarespace-cdn.com/content/v1/5eca3242a9658a4c958be75e/1590879171849-1Z6EF9SASUYJCTILI3FR/ke17ZwdGBToddI8pDm48kHem505q6McQd8XRhQc9zkRZw-z/image-asset.jpg]
[images.squarespace-cdn.com/content/v1/5eca3242a9658a4c958be75e/1590867771357-2NHWOEOW29YKQJ3MKMNY/ke17ZwdGBToddI8pDm48kPe3CmwYqnxwOczhWdgMHylZw-z/image-asset.jpg]
[images.squarespace-cdn.com/content/v1/5eca3242a9658a4c958be75e/1590797290947-I9B3PVVK4IBDKI1JSUJ1/ke17ZwdGBToddI8pDm48kHem505q6McQd8XRhQc9zkRZw-z/image-asset.jpg]
[images.squarespace-cdn.com/content/v1/5eca3242a9658a4c958be75e/1590797290947-WJAAIBG5B546KS4RDK51/ke17ZwdGBToddI8pDm48kIwjPtqYTWJP90T_Ul9dCqNZw-z/image-asset.jpg]
[images.squarespace-cdn.com/content/v1/5eca3242a9658a4c958be75e/1590785886741-C7SNCTLM6IS6LHLUOIQ7/ke17ZwdGBToddI8pDm48kICZhzhlpkTfZgBvAXFSxyhZw-z/image-asset.jpg]
[images.squarespace-cdn.com/content/v1/5eca3242a9658a4c958be75e/1590736438561-NSUAFDHR7QPSD6GYRAP1/ke17ZwdGBToddI8pDm48kICZhzhlpkTfZgBvAXFSxyhZw-z/image-asset.jpg]
[images.squarespace-cdn.com/content/v1/5eca3242a9658a4c958be75e/1590637707476-WPTZWKLX38C3HVUHBEA4/ke17ZwdGBToddI8pDm48kHem505q6McQd8XRhQc9zkRZw-z/image-asset.jpg]
[images.squarespace-cdn.com/content/v1/5eca3242a9658a4c958be75e/1590637707670-AFCEFOD4HTPFAH46BIQQ/ke17ZwdGBToddI8pDm48kJwDWPRKXspOtYrku9y2CuVZw-z/image-asset.jpg]
[images.squarespace-cdn.com/content/v1/5eca3242a9658a4c958be75e/1590637707984-ER644QYI2SPIYHJSIHWJ/ke17ZwdGBToddI8pDm48kEpVg-ILAPna1wRh-xAJ9fRZw-z/image-asset.jpg]
[www.chanellemoreau.com/about.html]
[static1.squarespace.com/static/sitecss/5eca3242a9658a4c958be75e/28/5c5a519771c10ba3470d8101/5eca3243a9658a4c958be778/901-05142015/1591262137281/gallery-play-big.css]
[static1.squarespace.com/static/sitecss/5eca3242a9658a4c958be75e/28/5c5a519771c10ba3470d8101/5eca3243a9658a4c958be778/901-05142015/1591262137281/gallery-play-big@2x.css]
[images.squarespace-cdn.com/content/5eca3242a9658a4c958be75e/1590630358695-UEOB0OSCWU1CHE9I9J0C/000031920022ee8a.jpg]
[www.chanellemoreau.com/recent-work/_https_/player.vimeo.com/video/423030442.10413bc.delayed]
[www.chanellemoreau.com/recent-work/diansa.html]
[images.squarespace-cdn.com/content/5eca3242a9658a4c958be75e/1590630492829-A41N3Q774TFZSZCEP5W9/000004240007ee8a.jpg]
[www.chanellemoreau.com/recent-work/brielle.html]
[images.squarespace-cdn.com/content/5eca3242a9658a4c958be75e/1590632788842-18RQG25D23IO2W6WXR0I/2096-017-3ee8a.jpg]
[images.squarespace-cdn.com/content/v1/5eca3242a9658a4c958be75e/1590634170227-FX5BYH7CSL7MRE260E13/ke17ZwdGBToddI8pDm48kPt8BFPGT8NN8YRhgue6_c17gQa/Estelle-2.jpg]
[images.squarespace-cdn.com/content/v1/5eca3242a9658a4c958be75e/1590634242667-7D4R133AARPH2V67MYOV/ke17ZwdGBToddI8pDm48kPt8BFPGT8NN8YRhgue6_c17gQa/Estelle-4.jpg]
[images.squarespace-cdn.com/content/v1/5eca3242a9658a4c958be75e/1590634312481-KNH92CWIC7Q2IQNF6056/ke17ZwdGBToddI8pDm48kJk1Pgsn7x1MzMks8Gf4XnR7gQa/2096-017-3.jpg]
[images.squarespace-cdn.com/content/v1/5eca3242a9658a4c958be75e/1590634370231-SOVO4ERIBWCZ88USCIGQ/ke17ZwdGBToddI8pDm48kNDMhyj3ksBhdUXSVO2ynVZ7gQa/2096-012-2.jpg]
[images.squarespace-cdn.com/content/v1/5eca3242a9658a4c958be75e/1590634553090-VO2QZQNMADLV9R50X0DC/ke17ZwdGBToddI8pDm48kNDMhyj3ksBhdUXSVO2ynVZ7gQa/2102-002-2.jpg]
[images.squarespace-cdn.com/content/v1/5eca3242a9658a4c958be75e/1590634625130-6DK7A0YD5LDMULNX10VX/ke17ZwdGBToddI8pDm48kJk1Pgsn7x1MzMks8Gf4XnR7gQa/2100-033-2.jpg]
[images.squarespace-cdn.com/content/v1/5eca3242a9658a4c958be75e/1590634196365-FJW2DOXV0XR40UJHGRAP/ke17ZwdGBToddI8pDm48kPt8BFPGT8NN8YRhgue6_c17gQa/Estelle-3.jpg]
[images.squarespace-cdn.com/content/v1/5eca3242a9658a4c958be75e/1590634285327-B2WLFHF2RN4HUZG6L7MA/ke17ZwdGBToddI8pDm48kPt8BFPGT8NN8YRhgue6_c17gQa/Estelle-5.jpg]
[images.squarespace-cdn.com/content/v1/5eca3242a9658a4c958be75e/1590634327982-Q4CP6Q6FTGIYM5K6Z71C/ke17ZwdGBToddI8pDm48kJk1Pgsn7x1MzMks8Gf4XnR7gQa/2096-024-2.jpg]
[images.squarespace-cdn.com/content/v1/5eca3242a9658a4c958be75e/1590634535000-7NMPJGKU9WGMWPSENJKI/ke17ZwdGBToddI8pDm48kJk1Pgsn7x1MzMks8Gf4XnR7gQa/2100-029-2.jpg]
[images.squarespace-cdn.com/content/v1/5eca3242a9658a4c958be75e/1590634605163-Z5YECY937ZCHZ7AUAZEF/ke17ZwdGBToddI8pDm48kJk1Pgsn7x1MzMks8Gf4XnR7gQa/2102-004-2.jpg]
[images.squarespace-cdn.com/content/v1/5eca3242a9658a4c958be75e/1590634666719-NI595QU7DOS4Z7SUQ673/ke17ZwdGBToddI8pDm48kJk1Pgsn7x1MzMks8Gf4XnR7gQa/2100-023-2.jpg]
[www.chanellemoreau.com/recent-work/estelle.html]
[images.squarespace-cdn.com/content/5eca3242a9658a4c958be75e/1590634903775-GXFQLPGNKKHLGIILTVYV/000058600029-243a3.jpg]
[www.chanellemoreau.com/recent-work/ozma-of-california-spring-editorial.html]
[images.squarespace-cdn.com/content/5eca3242a9658a4c958be75e/1590635862915-JUWHX54OZQBHJO9LSD7J/000004190010ee8a.jpg]
[www.chanellemoreau.com/recent-work/beauty-queen.html]
[images.squarespace-cdn.com/content/5eca3242a9658a4c958be75e/1590636497009-FK00KZHSUHJYT7XD1GVW/IMG_1753ee8a.jpg]
[www.chanellemoreau.com/recent-work/brielle-for-loveme-jewelry.html]
[images.squarespace-cdn.com/content/5eca3242a9658a4c958be75e/1591264013094-YO0GWRL73HP5PQIP0A6Q/IMG_1161-2ee8a.jpg]
[www.chanellemoreau.com/recent-work/kseniya.html]
[www.chanellemoreau.com/film-diaries-iid7a7.html]
[www.chanellemoreau.com/film-diaries-ii312f.html]
[www.chanellemoreau.com/film-diaries-ii1b6c.html]
[www.chanellemoreau.com/film-diaries-iibaed.html]
[www.chanellemoreau.com/film-diaries-ii136a.html]
[www.chanellemoreau.com/film-diaries-ii5287.html]
[www.chanellemoreau.com/film-diaries-ii5a37.html]
[www.chanellemoreau.com/film-diaries-iice39.html]
[www.chanellemoreau.com/film-diaries-iif736.html]
[www.chanellemoreau.com/film-diaries-ii1d8c.html]
[www.chanellemoreau.com/film-diaries-ii6af0.html]
[www.chanellemoreau.com/film-diaries-ii829f.html]
[www.chanellemoreau.com/film-diaries-iifa11.html]
[www.chanellemoreau.com/film-diaries-ii774d.html]
[www.chanellemoreau.com/film-diaries-ii41c3.html]
[www.chanellemoreau.com/film-diaries-iid7a3.html]
[www.chanellemoreau.com/film-diaries-ii1657.html]
[www.chanellemoreau.com/film-diaries-ii63b4.html]
[www.chanellemoreau.com/film-diaries-ii9e65.html]
[www.chanellemoreau.com/film-diaries-iib04d.html]
[www.chanellemoreau.com/film-diaries-ii6968.html]
[www.chanellemoreau.com/film-diaries-i3630.html]
[www.chanellemoreau.com/film-diaries-i3a77.html]
[www.chanellemoreau.com/film-diaries-if903.html]
[www.chanellemoreau.com/film-diaries-ib05d.html]
[www.chanellemoreau.com/film-diaries-i379e.html]
[www.chanellemoreau.com/film-diaries-i9811.html]
[www.chanellemoreau.com/film-diaries-i35f5.html]
[www.chanellemoreau.com/film-diaries-i60c2.html]
[www.chanellemoreau.com/film-diaries-if645.html]
[www.chanellemoreau.com/film-diaries-icbd7.html]
[www.chanellemoreau.com/film-diaries-i0856.html]
[www.chanellemoreau.com/film-diaries-i64a4.html]
[www.chanellemoreau.com/film-diaries-i78e4.html]
[www.chanellemoreau.com/film-diaries-i6153.html]
[www.chanellemoreau.com/film-diaries-ib078.html]
[www.chanellemoreau.com/film-diaries-ie570.html]
[www.chanellemoreau.com/film-diaries-i5a11.html]
[www.chanellemoreau.com/film-diaries-iac99.html]
[www.chanellemoreau.com/film-diaries-i8b60.html]
[www.chanellemoreau.com/film-diaries-ic342.html]
[www.chanellemoreau.com/film-diaries-ieff8.html]
[www.chanellemoreau.com/film-diaries-i0080.html]
[www.chanellemoreau.com/film-diaries-i159a.html]
[www.chanellemoreau.com/film-diaries-i55c7.html]
[www.chanellemoreau.com/film-diaries-i97ab.html]
[www.chanellemoreau.com/film-diaries-i64cb.html]
[www.chanellemoreau.com/film-diaries-i1c60.html]
[www.chanellemoreau.com/film-diaries-i23dc.html]
[www.chanellemoreau.com/film-diaries-i0363.html]
[www.chanellemoreau.com/film-diaries-i2bcb.html]
[www.chanellemoreau.com/film-diaries-ie33d.html]
[www.chanellemoreau.com/film-diaries-i2b36.html]
[www.chanellemoreau.com/film-diaries-i2d53.html]
[www.chanellemoreau.com/film-diaries-ieaad.html]
[www.chanellemoreau.com/film-diaries-i2477.html]
[www.chanellemoreau.com/film-diaries-i8fb9.html]
[www.chanellemoreau.com/film-diaries-i2551.html]
[www.chanellemoreau.com/film-diaries-i610a.html]
[www.chanellemoreau.com/film-diaries-i776c.html]
[www.chanellemoreau.com/film-diaries-i09de.html]
[www.chanellemoreau.com/film-diaries-ia9a6.html]
[www.chanellemoreau.com/film-diaries-i10c0.html]
[www.chanellemoreau.com/film-diaries-i418a.html]
[www.chanellemoreau.com/film-diaries-ief43.html]
[www.chanellemoreau.com/film-diaries-id011.html]
[www.chanellemoreau.com/film-diaries-i8a0d.html]
[www.chanellemoreau.com/film-diaries-i7453.html]
[www.chanellemoreau.com/film-diaries-i35b2.html]
[www.chanellemoreau.com/film-diaries-ia40d.html]
[www.chanellemoreau.com/film-diaries-ib78f.html]
[www.chanellemoreau.com/film-diaries-i40cf.html]
[www.chanellemoreau.com/film-diaries-ie766.html]
[www.chanellemoreau.com/film-diaries-ia451.html]
[www.chanellemoreau.com/film-diaries-icc28.html]
[www.chanellemoreau.com/film-diaries-ica85.html]
[www.chanellemoreau.com/film-diaries-ic3d8.html]
[www.chanellemoreau.com/film-diaries-i3385.html]
[www.chanellemoreau.com/film-diaries-i0794.html]
[www.chanellemoreau.com/film-diaries-idad1.html]
[www.chanellemoreau.com/film-diaries-ie8ff.html]
[www.chanellemoreau.com/film-diaries-i65af.html]
[www.chanellemoreau.com/film-diaries-i706c.html]
[www.chanellemoreau.com/film-diaries-ia323.html]
[www.chanellemoreau.com/film-diaries-i8c39.html]
[www.chanellemoreau.com/film-diaries-i99f6.html]
[www.chanellemoreau.com/film-diaries-i3391.html]
[www.chanellemoreau.com/film-diaries-i480f.html]
[www.chanellemoreau.com/film-diaries-i31d9.html]
[www.chanellemoreau.com/film-diaries-i42fe.html]
[www.chanellemoreau.com/film-diaries-i726e.html]
[www.chanellemoreau.com/film-diaries-ifb1a.html]
[www.chanellemoreau.com/film-diaries-ib424.html]
[www.chanellemoreau.com/film-diaries-i288c.html]
[www.chanellemoreau.com/film-diaries-iee0c.html]
[www.chanellemoreau.com/film-diaries-i9646.html]
[www.chanellemoreau.com/film-diaries-i95d5.html]
[www.chanellemoreau.com/film-diaries-ib32b.html]
[www.chanellemoreau.com/film-diaries-i87f8.html]
[www.chanellemoreau.com/film-diaries-i2947.html]
[www.chanellemoreau.com/film-diaries-ia429.html]
[www.chanellemoreau.com/film-diaries-i56fd.html]
[www.chanellemoreau.com/film-diaries-ic0fe.html]
[www.chanellemoreau.com/film-diaries-i1705.html]
[www.chanellemoreau.com/film-diaries-ib578.html]
[www.chanellemoreau.com/film-diaries-i3f6c.html]
[www.chanellemoreau.com/film-diaries-i94cb.html]
[www.chanellemoreau.com/film-diaries-ifdfd.html]
[www.chanellemoreau.com/film-diaries-ic992.html]
[www.chanellemoreau.com/film-diaries-ia124.html]
[www.chanellemoreau.com/film-diaries-icdac.html]
[www.chanellemoreau.com/film-diaries-i5f22.html]
[www.chanellemoreau.com/film-diaries-i0f3b.html]
[www.chanellemoreau.com/film-diaries-i21ae.html]
[www.chanellemoreau.com/film-diaries-i46da.html]
[www.chanellemoreau.com/film-diaries-i1972.html]
[www.chanellemoreau.com/film-diaries-i359a.html]
[www.chanellemoreau.com/film-diaries-if0ef.html]
[www.chanellemoreau.com/film-diaries-i5dd9.html]
[www.chanellemoreau.com/film-diaries-i6059.html]
[www.chanellemoreau.com/film-diaries-icdc7.html]
[www.chanellemoreau.com/film-diaries-icd52.html]
[www.chanellemoreau.com/film-diaries-id00e.html]
[www.chanellemoreau.com/film-diaries-i678f.html]
[www.chanellemoreau.com/film-diaries-i0a19.html]
[www.chanellemoreau.com/film-diaries-iae17.html]
[www.chanellemoreau.com/film-diaries-i8a0f.html]
[www.chanellemoreau.com/film-diaries-i5a5b.html]
[www.chanellemoreau.com/film-diaries-ib951.html]
[www.chanellemoreau.com/film-diaries-iae4f.html]
[www.chanellemoreau.com/film-diaries-i06b1.html]
[www.chanellemoreau.com/film-diaries-ida3b.html]
[www.chanellemoreau.com/film-diaries-i1c1f.html]
[www.chanellemoreau.com/film-diaries-id840.html]
[www.chanellemoreau.com/film-diaries-i8adc.html]
[www.chanellemoreau.com/film-diaries-i00d0.html]
[www.chanellemoreau.com/film-diaries-i4b00.html]
[www.chanellemoreau.com/film-diaries-iaa58.html]
[www.chanellemoreau.com/film-diaries-ia0ef.html]
[www.chanellemoreau.com/film-diaries-ifb6c.html]
[www.chanellemoreau.com/film-diaries-i818f.html]
[www.chanellemoreau.com/_https_/player.vimeo.com/video/42303044212a1.html]
[www.chanellemoreau.com/_https_/player.vimeo.com/video/42303044213bc.html]
[www.chanellemoreau.com/_https_/player.vimeo.com/video/41421785812a1.html]
[www.chanellemoreau.com/_https_/player.vimeo.com/video/41421785813bc.html]
[www.chanellemoreau.com/_https_/player.vimeo.com/video/38154464312a1.html]
[www.chanellemoreau.com/_https_/player.vimeo.com/video/38154464313bc.html]
[www.chanellemoreau.com/_https_/player.vimeo.com/video/22715767612a1.html]
[www.chanellemoreau.com/_https_/player.vimeo.com/video/22715767613bc.html]
[www.chanellemoreau.com/_https_/player.vimeo.com/video/38154569612a1.html]
[www.chanellemoreau.com/_https_/player.vimeo.com/video/38154569613bc.html]
[www.chanellemoreau.com/_https_/player.vimeo.com/video/28751865212a1.html]
[www.chanellemoreau.com/_https_/player.vimeo.com/video/28751865213bc.html]
[www.chanellemoreau.com/_https_/player.vimeo.com/video/28751883412a1.html]
[www.chanellemoreau.com/_https_/player.vimeo.com/video/28751883413bc.html]
[www.chanellemoreau.com/recent-work/_https_/player.vimeo.com/video/42303044213bc.html]
